2026-04-13 07:38:28 [main] INFO  Main.Main - ---------------------------------------------
2026-04-13 07:38:28 [main] INFO  Main.Main - |   Inventory System Started Successfully   |
2026-04-13 07:38:28 [main] INFO  Main.Main - ---------------------------------------------
2026-04-13 07:38:30 [main] INFO  Main.Main - Attempting to connect to the database...
2026-04-13 07:38:30 [main] INFO  Main.Main - Initializing...
2026-04-13 07:38:30 [main] INFO  Database.InitializeDatabase - Products table created successfully.
2026-04-13 07:38:30 [main] INFO  Database.InitializeDatabase - Database connected.
2026-04-13 07:38:32 [main] INFO  Main.Main - Calling Login Module...
2026-04-13 07:38:33 [AWT-EventQueue-0] INFO  Main.Main - Initializing...
2026-04-13 07:38:34 [AWT-EventQueue-0] INFO  Main.Main - Opening Login Module...
2026-04-13 07:38:44 [AWT-EventQueue-0] INFO  Module.LoginMenu - Logging in...
2026-04-13 07:38:46 [AWT-EventQueue-0] INFO  Module.LoginMenu - Opened Login Module.
2026-04-13 07:38:46 [AWT-EventQueue-0] INFO  Module.LoginMenu - Login Successful.
2026-04-13 07:38:50 [AWT-EventQueue-0] INFO  Module.LoginMenu - Calling Main Menu Module...
2026-04-13 07:38:50 [AWT-EventQueue-0] INFO  Module.MainMenu - Checking User...
2026-04-13 07:38:50 [AWT-EventQueue-0] INFO  Module.MainMenu - Main Menu User: admin
2026-04-13 07:38:50 [AWT-EventQueue-0] ERROR Module.MainMenu - Image file not found: C:\Users\Admin\eclipse-workspace\AutomatedInventoryManagementSystem\output\images\inventory.png
2026-04-13 07:38:50 [AWT-EventQueue-0] ERROR Module.MainMenu - Image file not found: C:\Users\Admin\eclipse-workspace\AutomatedInventoryManagementSystem\output\images\order.png
2026-04-13 07:38:50 [AWT-EventQueue-0] ERROR Module.MainMenu - Image file not found: C:\Users\Admin\eclipse-workspace\AutomatedInventoryManagementSystem\output\images\sales.png
2026-04-13 07:38:50 [AWT-EventQueue-0] INFO  Main.Main - Success Opening Main Menu.
2026-04-13 08:00:59 [main] INFO  Main.Main - ---------------------------------------------
2026-04-13 08:00:59 [main] INFO  Main.Main - |   Inventory System Started Successfully   |
2026-04-13 08:00:59 [main] INFO  Main.Main - ---------------------------------------------
2026-04-13 08:01:01 [main] INFO  Main.Main - Attempting to connect to the database...
2026-04-13 08:01:01 [main] INFO  Main.Main - Initializing...
2026-04-13 08:01:01 [main] INFO  Database.InitializeDatabase - Successfully connected to external database at: jdbc:sqlite:C:\Users\Admin\eclipse-workspace\AutomatedInventoryManagementSystem\output/database.db
2026-04-13 08:01:01 [main] INFO  Database.InitializeDatabase - Products table created successfully.
2026-04-13 08:01:01 [main] INFO  Database.InitializeDatabase - Database connected.
2026-04-13 08:01:03 [main] INFO  Main.Main - Calling Login Module...
2026-04-13 08:01:04 [AWT-EventQueue-0] INFO  Main.Main - Initializing...
2026-04-13 08:01:04 [AWT-EventQueue-0] INFO  Main.Main - Opening Login Module...
2026-04-13 08:01:10 [AWT-EventQueue-0] INFO  Module.LoginMenu - Logging in...
2026-04-13 08:01:12 [AWT-EventQueue-0] INFO  Module.LoginMenu - Opened Login Module.
2026-04-13 08:01:12 [AWT-EventQueue-0] INFO  Module.LoginMenu - Login Successful.
2026-04-13 08:01:13 [AWT-EventQueue-0] INFO  Module.LoginMenu - Calling Main Menu Module...
2026-04-13 08:01:13 [AWT-EventQueue-0] INFO  Module.MainMenu - Checking User...
2026-04-13 08:01:13 [AWT-EventQueue-0] INFO  Module.MainMenu - Main Menu User: admin
2026-04-13 08:01:14 [AWT-EventQueue-0] INFO  Main.Main - Success Opening Main Menu.
2026-04-13 08:01:16 [AWT-EventQueue-0] INFO  Module.MainMenu - Clicked Inventory Menu...
2026-04-13 08:01:18 [AWT-EventQueue-0] INFO  Module.MainMenu - Opening Inventory Module...
2026-04-13 08:01:18 [AWT-EventQueue-0] INFO  Module.InventoryMenu - Checking User...
2026-04-13 08:01:18 [AWT-EventQueue-0] INFO  Module.InventoryMenu - Inventory data loaded successfully.
2026-04-13 08:01:18 [AWT-EventQueue-0] INFO  Main.Main - Success Opening Inventory Menu.
2026-04-13 08:01:51 [AWT-EventQueue-0] INFO  Module.InventoryMenu - New product added: TestProduct
2026-04-13 08:01:53 [AWT-EventQueue-0] INFO  Module.InventoryMenu - Inventory data loaded successfully.
2026-04-13 21:28:33 [main] INFO  Main.Main - ---------------------------------------------
2026-04-13 21:28:33 [main] INFO  Main.Main - |   Inventory System Started Successfully   |
2026-04-13 21:28:33 [main] INFO  Main.Main - ---------------------------------------------
2026-04-13 21:28:34 [main] INFO  Main.Main - Attempting to connect to the database...
2026-04-13 21:28:34 [main] INFO  Main.Main - Initializing...
2026-04-13 21:28:35 [main] INFO  Database.InitializeDatabase - Successfully connected to external database at: jdbc:sqlite:C:\Users\User\eclipse-workspace\AutomatedInventoryManagementSystem\output/database.db
2026-04-13 21:28:35 [main] INFO  Database.InitializeDatabase - Products table created successfully.
2026-04-13 21:28:35 [main] INFO  Database.InitializeDatabase - Database connected.
2026-04-13 21:28:36 [main] INFO  Main.Main - Calling Login Module...
2026-04-13 21:28:38 [AWT-EventQueue-0] INFO  Main.Main - Initializing...
2026-04-13 21:28:38 [AWT-EventQueue-0] INFO  Main.Main - Opening Login Module...
2026-04-13 21:28:43 [AWT-EventQueue-0] INFO  Module.LoginMenu - Logging in...
2026-04-13 21:28:44 [AWT-EventQueue-0] INFO  Module.LoginMenu - Opened Login Module.
2026-04-13 21:28:44 [AWT-EventQueue-0] ERROR Module.LoginMenu - Login Error.
2026-04-13 21:28:49 [AWT-EventQueue-0] INFO  Module.LoginMenu - Logging in...
2026-04-13 21:28:51 [AWT-EventQueue-0] INFO  Module.LoginMenu - Opened Login Module.
2026-04-13 21:28:51 [AWT-EventQueue-0] INFO  Module.LoginMenu - Login Successful.
2026-04-13 21:28:51 [AWT-EventQueue-0] INFO  Module.LoginMenu - Calling Main Menu Module...
2026-04-13 21:28:51 [AWT-EventQueue-0] INFO  Module.MainMenu - Checking User...
2026-04-13 21:28:51 [AWT-EventQueue-0] INFO  Module.MainMenu - Main Menu User: admin
2026-04-13 21:28:52 [AWT-EventQueue-0] INFO  Main.Main - Success Opening Main Menu.
2026-04-13 21:28:59 [AWT-EventQueue-0] INFO  Module.MainMenu - Clicked Inventory Menu...
2026-04-13 21:29:00 [AWT-EventQueue-0] INFO  Module.MainMenu - Opening Inventory Module...
2026-04-13 21:29:00 [AWT-EventQueue-0] INFO  Module.InventoryMenu - Initializing Inventory Menu for user: admin
2026-04-13 21:29:00 [AWT-EventQueue-0] INFO  Module.InventoryMenu - Inventory Menu initialized successfully.
2026-04-13 21:29:00 [AWT-EventQueue-0] INFO  Main.Main - Success Opening Inventory Menu.
2026-04-13 21:29:21 [main] INFO  Main.Main - ---------------------------------------------
2026-04-13 21:29:21 [main] INFO  Main.Main - |   Inventory System Started Successfully   |
2026-04-13 21:29:21 [main] INFO  Main.Main - ---------------------------------------------
2026-04-13 21:29:22 [main] INFO  Main.Main - Attempting to connect to the database...
2026-04-13 21:29:23 [main] INFO  Main.Main - Initializing...
2026-04-13 21:29:23 [main] INFO  Database.InitializeDatabase - Successfully connected to external database at: jdbc:sqlite:C:\Users\User\eclipse-workspace\AutomatedInventoryManagementSystem\output/database.db
2026-04-13 21:29:23 [main] INFO  Database.InitializeDatabase - Products table created successfully.
2026-04-13 21:29:23 [main] INFO  Database.InitializeDatabase - Database connected.
2026-04-13 21:29:24 [main] INFO  Main.Main - Calling Login Module...
2026-04-13 21:29:26 [AWT-EventQueue-0] INFO  Main.Main - Initializing...
2026-04-13 21:29:26 [AWT-EventQueue-0] INFO  Main.Main - Opening Login Module...
2026-04-13 21:29:31 [AWT-EventQueue-0] INFO  Module.LoginMenu - Logging in...
2026-04-13 21:29:33 [AWT-EventQueue-0] INFO  Module.LoginMenu - Opened Login Module.
2026-04-13 21:29:33 [AWT-EventQueue-0] INFO  Module.LoginMenu - Login Successful.
2026-04-13 21:29:34 [AWT-EventQueue-0] INFO  Module.LoginMenu - Calling Main Menu Module...
2026-04-13 21:29:34 [AWT-EventQueue-0] INFO  Module.MainMenu - Checking User...
2026-04-13 21:29:34 [AWT-EventQueue-0] INFO  Module.MainMenu - Main Menu User: admin
2026-04-13 21:29:34 [AWT-EventQueue-0] INFO  Main.Main - Success Opening Main Menu.
2026-04-13 21:29:35 [AWT-EventQueue-0] INFO  Module.MainMenu - Clicked Order Menu...
2026-04-13 21:29:37 [AWT-EventQueue-0] INFO  Module.MainMenu - Opening Order Module...
2026-04-13 21:29:37 [AWT-EventQueue-0] INFO  Module.OrderMenu - Initializing Order Menu for user: admin
2026-04-13 21:29:37 [AWT-EventQueue-0] INFO  Module.OrderMenu - Order Menu initialized successfully.
2026-04-13 21:29:37 [AWT-EventQueue-0] INFO  Main.Main - Success Opening Order Menu.
2026-04-13 21:32:18 [AWT-EventQueue-0] INFO  Module.OrderMenu - User clicked Checkout button.
2026-04-13 21:32:21 [AWT-EventQueue-0] INFO  Module.OrderMenu - User clicked Checkout button.
2026-04-13 21:32:22 [AWT-EventQueue-0] INFO  Module.OrderMenu - Proceeding with checkout for customer: 
2026-04-13 21:32:23 [AWT-EventQueue-0] INFO  Module.OrderMenu - User clicked Checkout button.
2026-04-13 21:47:28 [AWT-EventQueue-0] INFO  Module.Dropdown - Returning to Main Menu...
2026-04-13 21:47:28 [AWT-EventQueue-0] INFO  Module.MainMenu - Checking User...
2026-04-13 21:47:28 [AWT-EventQueue-0] INFO  Module.MainMenu - Main Menu User: admin
2026-04-13 22:07:28 [AWT-EventQueue-0] INFO  Module.MainMenu - Clicked Inventory Menu...
2026-04-13 22:07:29 [AWT-EventQueue-0] INFO  Module.MainMenu - Opening Inventory Module...
2026-04-13 22:07:29 [AWT-EventQueue-0] INFO  Module.InventoryMenu - Initializing Inventory Menu for user: admin
2026-04-13 22:07:29 [AWT-EventQueue-0] INFO  Module.InventoryMenu - Inventory Menu initialized successfully.
2026-04-13 22:07:29 [AWT-EventQueue-0] INFO  Main.Main - Success Opening Inventory Menu.
2026-04-13 22:07:31 [AWT-EventQueue-0] INFO  Module.Dropdown - Returning to Main Menu...
2026-04-13 22:07:31 [AWT-EventQueue-0] INFO  Module.MainMenu - Checking User...
2026-04-13 22:07:31 [AWT-EventQueue-0] INFO  Module.MainMenu - Main Menu User: admin
2026-04-13 22:07:36 [AWT-EventQueue-0] INFO  Module.MainMenu - Clicked Inventory Menu...
2026-04-13 22:07:37 [AWT-EventQueue-0] INFO  Module.MainMenu - Opening Inventory Module...
2026-04-13 22:07:37 [AWT-EventQueue-0] INFO  Module.InventoryMenu - Initializing Inventory Menu for user: admin
2026-04-13 22:07:37 [AWT-EventQueue-0] INFO  Module.InventoryMenu - Inventory Menu initialized successfully.
2026-04-13 22:07:37 [AWT-EventQueue-0] INFO  Main.Main - Success Opening Inventory Menu.
2026-04-13 22:07:39 [AWT-EventQueue-0] INFO  Module.Dropdown - Returning to Main Menu...
2026-04-13 22:07:39 [AWT-EventQueue-0] INFO  Module.MainMenu - Checking User...
2026-04-13 22:07:39 [AWT-EventQueue-0] INFO  Module.MainMenu - Main Menu User: admin
2026-04-13 22:07:43 [AWT-EventQueue-0] INFO  Main.Main - Logging Out...
2026-04-13 22:07:44 [AWT-EventQueue-0] INFO  Main.Main - Success Logging Out.
2026-04-13 22:07:44 [AWT-EventQueue-0] INFO  Main.Main - Calling Login Module...
2026-04-13 22:07:44 [AWT-EventQueue-0] INFO  Main.Main - Opening Login Module...
2026-04-13 22:07:44 [AWT-EventQueue-0] INFO  Main.Main - Opened Login Module.
2026-04-13 22:07:51 [AWT-EventQueue-0] INFO  Module.LoginMenu - Logging in...
2026-04-13 22:07:52 [AWT-EventQueue-0] INFO  Module.LoginMenu - Opened Login Module.
2026-04-13 22:07:52 [AWT-EventQueue-0] INFO  Module.LoginMenu - Login Successful.
2026-04-13 22:07:53 [AWT-EventQueue-0] INFO  Module.LoginMenu - Calling Main Menu Module...
2026-04-13 22:07:53 [AWT-EventQueue-0] INFO  Module.MainMenu - Checking User...
2026-04-13 22:07:53 [AWT-EventQueue-0] INFO  Module.MainMenu - Main Menu User: admin
2026-04-13 22:07:53 [AWT-EventQueue-0] INFO  Main.Main - Success Opening Main Menu.
2026-04-13 22:07:54 [AWT-EventQueue-0] INFO  Module.Dropdown - Opening Create Account Menu...
2026-04-13 22:08:06 [AWT-EventQueue-0] INFO  User.CreateAccountMenu - Calling Register...
2026-04-13 22:08:07 [AWT-EventQueue-0] INFO  User.CreateAccountMenu - Success Creating Account.
2026-04-13 22:08:09 [AWT-EventQueue-0] INFO  Main.Main - Logging Out...
2026-04-13 22:08:11 [AWT-EventQueue-0] INFO  Main.Main - Success Logging Out.
2026-04-13 22:08:11 [AWT-EventQueue-0] INFO  Main.Main - Calling Login Module...
2026-04-13 22:08:11 [AWT-EventQueue-0] INFO  Main.Main - Opening Login Module...
2026-04-13 22:08:11 [AWT-EventQueue-0] INFO  Main.Main - Opened Login Module.
2026-04-13 22:08:16 [AWT-EventQueue-0] INFO  Module.LoginMenu - Logging in...
2026-04-13 22:08:18 [AWT-EventQueue-0] INFO  Module.LoginMenu - Opened Login Module.
2026-04-13 22:08:18 [AWT-EventQueue-0] INFO  Module.LoginMenu - Login Successful.
2026-04-13 22:08:18 [AWT-EventQueue-0] INFO  Module.LoginMenu - Calling Main Menu Module...
2026-04-13 22:08:18 [AWT-EventQueue-0] INFO  Module.MainMenu - Checking User...
2026-04-13 22:08:18 [AWT-EventQueue-0] INFO  Module.MainMenu - Main Menu User: stillyoswa
2026-04-13 22:08:18 [AWT-EventQueue-0] INFO  Main.Main - Success Opening Main Menu.
2026-04-13 22:08:21 [AWT-EventQueue-0] INFO  Module.Dropdown - 
Exiting...
