

Version:	3.50
CmdLine:	C:\Users\Admin\eclipse-workspace\AutomatedInventoryManagementSystem\output\output.exe --l4j-debug
JNI:		No
WOW64:		Yes
Working dir:	C:\Users\Admin\eclipse-workspace\AutomatedInventoryManagementSystem\output\.
Requires JDK:	Yes
Requires 64-Bit: No
Java min ver:	1.008.000
Java max ver:	
Substitute:	JAVA_HOME = 
Substitute:	PATH = C:\Program Files (x86)\Common Files\Oracle\Java\javapath;C:\Windows\system32;C:\Windows;C:\Windows\System32\Wbem;C:\Windows\System32\WindowsPowerShell\v1.0\;C:\Windows\System32\OpenSSH\;C:\Program Files (x86)\NVIDIA Corporation\PhysX\Common;C:\Program Files\dotnet\;C:\msys64\ucrt64\bin;C:\Program Files\Git\cmd;C:\Users\Admin\AppData\Local\Microsoft\WindowsApps;C:\Users\Admin\AppData\Local\Programs\Microsoft VS Code\bin;C:\Program Files\Java\jre1.8.0_202\bin
JRE paths:	;C:\Program Files (x86)\Common Files\Oracle\Java\javapath;C:\Windows\system32;C:\Windows;C:\Windows\System32\Wbem;C:\Windows\System32\WindowsPowerShell\v1.0\;C:\Windows\System32\OpenSSH\;C:\Program Files (x86)\NVIDIA Corporation\PhysX\Common;C:\Program Files\dotnet\;C:\msys64\ucrt64\bin;C:\Program Files\Git\cmd;C:\Users\Admin\AppData\Local\Microsoft\WindowsApps;C:\Users\Admin\AppData\Local\Programs\Microsoft VS Code\bin;C:\Program Files\Java\jre1.8.0_202\bin
Check launcher:	C:\Program Files (x86)\Common Files\Oracle\Java\javapath\bin\javaw.exe (not found)
Check launcher:	C:\Windows\system32\bin\javaw.exe (not found)
Check launcher:	C:\Windows\bin\javaw.exe (not found)
Check launcher:	C:\Windows\System32\Wbem\bin\javaw.exe (not found)
Check launcher:	C:\Windows\System32\WindowsPowerShell\v1.0\bin\javaw.exe (not found)
Check launcher:	C:\Windows\System32\OpenSSH\bin\javaw.exe (not found)
Check launcher:	C:\Program Files (x86)\NVIDIA Corporation\PhysX\Common\bin\javaw.exe (not found)
Check launcher:	C:\Program Files\dotnet\bin\javaw.exe (not found)
Check launcher:	C:\msys64\ucrt64\bin\javaw.exe (not found)
Check launcher:	C:\Program Files\Git\cmd\bin\javaw.exe (not found)
Check launcher:	C:\Users\Admin\AppData\Local\Microsoft\WindowsApps\bin\javaw.exe (not found)
Check launcher:	C:\Users\Admin\AppData\Local\Programs\Microsoft VS Code\bin\javaw.exe (not found)
Check launcher:	C:\Program Files\Java\jre1.8.0_202\bin\javaw.exe (OK)
Check javac:	C:\Program Files\Java\jre1.8.0_202\bin\javac.exe (not found)
64-bit search:	SOFTWARE\JavaSoft\Java Development Kit...
Check:		SOFTWARE\JavaSoft\Java Development Kit\1.8
Version string: 1.008.000 / 64-Bit (OK)
Check launcher:	C:\Program Files\Java\jdk1.8.0_202\bin\javaw.exe (OK)
Check javac:	C:\Program Files\Java\jdk1.8.0_202\bin\javac.exe (OK)
Match:		1.008.000
Runtime used:	1.008.000 (64-bit)
Launcher:	C:\Program Files\Java\jdk1.8.0_202\bin\javaw.exe
Launcher args:	-jar "C:\Users\Admin\eclipse-workspace\AutomatedInventoryManagementSystem\output\output.exe"
Args length:	92/32768 chars
Exit code:	0


Version:	3.50
CmdLine:	C:\Users\Admin\eclipse-workspace\AutomatedInventoryManagementSystem\output\output.exe --l4j-debug
JNI:		No
WOW64:		Yes
Working dir:	C:\Users\Admin\eclipse-workspace\AutomatedInventoryManagementSystem\output\.
Requires JDK:	Yes
Requires 64-Bit: No
Java min ver:	1.008.000
Java max ver:	
Substitute:	JAVA_HOME = 
Substitute:	PATH = C:\Program Files (x86)\Common Files\Oracle\Java\javapath;C:\Windows\system32;C:\Windows;C:\Windows\System32\Wbem;C:\Windows\System32\WindowsPowerShell\v1.0\;C:\Windows\System32\OpenSSH\;C:\Program Files (x86)\NVIDIA Corporation\PhysX\Common;C:\Program Files\dotnet\;C:\msys64\ucrt64\bin;C:\Program Files\Git\cmd;C:\Users\Admin\AppData\Local\Microsoft\WindowsApps;C:\Users\Admin\AppData\Local\Programs\Microsoft VS Code\bin;C:\Program Files\Java\jre1.8.0_202\bin
JRE paths:	;C:\Program Files (x86)\Common Files\Oracle\Java\javapath;C:\Windows\system32;C:\Windows;C:\Windows\System32\Wbem;C:\Windows\System32\WindowsPowerShell\v1.0\;C:\Windows\System32\OpenSSH\;C:\Program Files (x86)\NVIDIA Corporation\PhysX\Common;C:\Program Files\dotnet\;C:\msys64\ucrt64\bin;C:\Program Files\Git\cmd;C:\Users\Admin\AppData\Local\Microsoft\WindowsApps;C:\Users\Admin\AppData\Local\Programs\Microsoft VS Code\bin;C:\Program Files\Java\jre1.8.0_202\bin
Check launcher:	C:\Program Files (x86)\Common Files\Oracle\Java\javapath\bin\javaw.exe (not found)
Check launcher:	C:\Windows\system32\bin\javaw.exe (not found)
Check launcher:	C:\Windows\bin\javaw.exe (not found)
Check launcher:	C:\Windows\System32\Wbem\bin\javaw.exe (not found)
Check launcher:	C:\Windows\System32\WindowsPowerShell\v1.0\bin\javaw.exe (not found)
Check launcher:	C:\Windows\System32\OpenSSH\bin\javaw.exe (not found)
Check launcher:	C:\Program Files (x86)\NVIDIA Corporation\PhysX\Common\bin\javaw.exe (not found)
Check launcher:	C:\Program Files\dotnet\bin\javaw.exe (not found)
Check launcher:	C:\msys64\ucrt64\bin\javaw.exe (not found)
Check launcher:	C:\Program Files\Git\cmd\bin\javaw.exe (not found)
Check launcher:	C:\Users\Admin\AppData\Local\Microsoft\WindowsApps\bin\javaw.exe (not found)
Check launcher:	C:\Users\Admin\AppData\Local\Programs\Microsoft VS Code\bin\javaw.exe (not found)
Check launcher:	C:\Program Files\Java\jre1.8.0_202\bin\javaw.exe (OK)
Check javac:	C:\Program Files\Java\jre1.8.0_202\bin\javac.exe (not found)
64-bit search:	SOFTWARE\JavaSoft\Java Development Kit...
Check:		SOFTWARE\JavaSoft\Java Development Kit\1.8
Version string: 1.008.000 / 64-Bit (OK)
Check launcher:	C:\Program Files\Java\jdk1.8.0_202\bin\javaw.exe (OK)
Check javac:	C:\Program Files\Java\jdk1.8.0_202\bin\javac.exe (OK)
Match:		1.008.000
Runtime used:	1.008.000 (64-bit)
Launcher:	C:\Program Files\Java\jdk1.8.0_202\bin\javaw.exe
Launcher args:	-jar "C:\Users\Admin\eclipse-workspace\AutomatedInventoryManagementSystem\output\output.exe"
Args length:	92/32768 chars
Exit code:	0


Version:	3.50
CmdLine:	C:\Users\Admin\eclipse-workspace\AutomatedInventoryManagementSystem\output\output.exe --l4j-debug
JNI:		No
WOW64:		Yes
Working dir:	C:\Users\Admin\eclipse-workspace\AutomatedInventoryManagementSystem\output\.
Requires JDK:	Yes
Requires 64-Bit: No
Java min ver:	1.008.000
Java max ver:	
Substitute:	JAVA_HOME = 
Substitute:	PATH = C:\Program Files (x86)\Common Files\Oracle\Java\javapath;C:\Windows\system32;C:\Windows;C:\Windows\System32\Wbem;C:\Windows\System32\WindowsPowerShell\v1.0\;C:\Windows\System32\OpenSSH\;C:\Program Files (x86)\NVIDIA Corporation\PhysX\Common;C:\Program Files\dotnet\;C:\msys64\ucrt64\bin;C:\Program Files\Git\cmd;C:\Users\Admin\AppData\Local\Microsoft\WindowsApps;C:\Users\Admin\AppData\Local\Programs\Microsoft VS Code\bin;C:\Program Files\Java\jre1.8.0_202\bin
JRE paths:	;C:\Program Files (x86)\Common Files\Oracle\Java\javapath;C:\Windows\system32;C:\Windows;C:\Windows\System32\Wbem;C:\Windows\System32\WindowsPowerShell\v1.0\;C:\Windows\System32\OpenSSH\;C:\Program Files (x86)\NVIDIA Corporation\PhysX\Common;C:\Program Files\dotnet\;C:\msys64\ucrt64\bin;C:\Program Files\Git\cmd;C:\Users\Admin\AppData\Local\Microsoft\WindowsApps;C:\Users\Admin\AppData\Local\Programs\Microsoft VS Code\bin;C:\Program Files\Java\jre1.8.0_202\bin
Check launcher:	C:\Program Files (x86)\Common Files\Oracle\Java\javapath\bin\javaw.exe (not found)
Check launcher:	C:\Windows\system32\bin\javaw.exe (not found)
Check launcher:	C:\Windows\bin\javaw.exe (not found)
Check launcher:	C:\Windows\System32\Wbem\bin\javaw.exe (not found)
Check launcher:	C:\Windows\System32\WindowsPowerShell\v1.0\bin\javaw.exe (not found)
Check launcher:	C:\Windows\System32\OpenSSH\bin\javaw.exe (not found)
Check launcher:	C:\Program Files (x86)\NVIDIA Corporation\PhysX\Common\bin\javaw.exe (not found)
Check launcher:	C:\Program Files\dotnet\bin\javaw.exe (not found)
Check launcher:	C:\msys64\ucrt64\bin\javaw.exe (not found)
Check launcher:	C:\Program Files\Git\cmd\bin\javaw.exe (not found)
Check launcher:	C:\Users\Admin\AppData\Local\Microsoft\WindowsApps\bin\javaw.exe (not found)
Check launcher:	C:\Users\Admin\AppData\Local\Programs\Microsoft VS Code\bin\javaw.exe (not found)
Check launcher:	C:\Program Files\Java\jre1.8.0_202\bin\javaw.exe (OK)
Check javac:	C:\Program Files\Java\jre1.8.0_202\bin\javac.exe (not found)
64-bit search:	SOFTWARE\JavaSoft\Java Development Kit...
Check:		SOFTWARE\JavaSoft\Java Development Kit\1.8
Version string: 1.008.000 / 64-Bit (OK)
Check launcher:	C:\Program Files\Java\jdk1.8.0_202\bin\javaw.exe (OK)
Check javac:	C:\Program Files\Java\jdk1.8.0_202\bin\javac.exe (OK)
Match:		1.008.000
Runtime used:	1.008.000 (64-bit)
Launcher:	C:\Program Files\Java\jdk1.8.0_202\bin\javaw.exe
Launcher args:	-jar "C:\Users\Admin\eclipse-workspace\AutomatedInventoryManagementSystem\output\output.exe"
Args length:	92/32768 chars
Exit code:	0
