2026-04-12 05:39:39 [main] INFO  Main.Main - =========================================
2026-04-12 05:39:39 [main] INFO  Main.Main - === Inventory System Started Successfully ===
2026-04-12 05:39:39 [main] INFO  Main.Main - =========================================
2026-04-12 05:39:39 [main] INFO  Main.Main - Database connected!
2026-04-12 05:47:35 [main] INFO  Main.Main - ---------------------------------------------
2026-04-12 05:47:35 [main] INFO  Main.Main - -   Inventory System Started Successfully   -
2026-04-12 05:47:35 [main] INFO  Main.Main - ---------------------------------------------
2026-04-12 05:47:36 [main] INFO  Database.InitializeDatabase - Database connected.
2026-04-12 05:47:36 [main] INFO  Main.Main - Initializing...
2026-04-12 06:09:34 [main] INFO  Main.Main - ---------------------------------------------
2026-04-12 06:09:34 [main] INFO  Main.Main - |   Inventory System Started Successfully   |
2026-04-12 06:09:34 [main] INFO  Main.Main - ---------------------------------------------
2026-04-12 06:09:34 [main] INFO  Main.Main - Initializing...
2026-04-12 06:09:35 [main] INFO  Database.InitializeDatabase - Database connected.
2026-04-12 06:09:38 [AWT-EventQueue-0] INFO  Main.Main - Initializing...
2026-04-12 06:09:38 [AWT-EventQueue-0] INFO  Main.Main - Opening Login Module...
2026-04-12 06:09:57 [AWT-EventQueue-0] ERROR Module.LoginMenu - Login Error.
2026-04-12 06:30:42 [main] INFO  Main.Main - ---------------------------------------------
2026-04-12 06:30:43 [main] INFO  Main.Main - |   Inventory System Started Successfully   |
2026-04-12 06:30:43 [main] INFO  Main.Main - ---------------------------------------------
2026-04-12 06:30:44 [main] INFO  Main.Main - Attempting to connect to the database...
2026-04-12 06:30:44 [main] INFO  Main.Main - Initializing...
2026-04-12 06:30:45 [main] INFO  Database.InitializeDatabase - Database connected.
2026-04-12 06:30:46 [main] INFO  Main.Main - Calling Login Module...
2026-04-12 06:30:48 [AWT-EventQueue-0] INFO  Main.Main - Initializing...
2026-04-12 06:30:48 [AWT-EventQueue-0] INFO  Main.Main - Opening Login Module...
2026-04-12 06:31:00 [AWT-EventQueue-0] INFO  Module.LoginMenu - Logging in...
2026-04-12 06:31:02 [AWT-EventQueue-0] INFO  Module.LoginMenu - Opened Login Module.
2026-04-12 06:31:02 [AWT-EventQueue-0] ERROR Module.LoginMenu - Login Error.
2026-04-12 06:31:10 [AWT-EventQueue-0] INFO  Module.LoginMenu - Logging in...
2026-04-12 06:31:12 [AWT-EventQueue-0] INFO  Module.LoginMenu - Opened Login Module.
2026-04-12 06:31:12 [AWT-EventQueue-0] INFO  Module.LoginMenu - Login Successful.
2026-04-12 06:31:18 [AWT-EventQueue-0] INFO  Module.LoginMenu - Calling Main Menu Module...
2026-04-12 06:31:18 [AWT-EventQueue-0] INFO  Module.MainMenu - Checking User...
2026-04-12 06:31:18 [AWT-EventQueue-0] INFO  Module.MainMenu - User Identified: admin
2026-04-12 06:31:19 [AWT-EventQueue-0] INFO  Main.Main - Success Opening Main Menu.
2026-04-12 06:31:26 [AWT-EventQueue-0] INFO  Module.MainMenu - Clicked Inventory Menu...
2026-04-12 06:31:27 [AWT-EventQueue-0] INFO  Module.MainMenu - Opening Inventory Module...
2026-04-12 06:31:33 [AWT-EventQueue-0] INFO  Module.MainMenu - Clicked Order Menu...
2026-04-12 06:31:35 [AWT-EventQueue-0] INFO  Module.MainMenu - Opening Order Module...
2026-04-12 06:31:37 [AWT-EventQueue-0] INFO  Module.MainMenu - Clicked Sales Report...
2026-04-12 06:31:39 [AWT-EventQueue-0] INFO  Module.MainMenu - Opening Sales Report Module...
2026-04-12 06:31:42 [AWT-EventQueue-0] INFO  Module.Dropdown - Opening Create Account Menu...
2026-04-12 06:31:52 [AWT-EventQueue-0] INFO  User.CreateAccountMenu - Calling Register...
2026-04-12 06:31:52 [AWT-EventQueue-0] INFO  User.CreateAccountMenu - Please fill in all fields.
2026-04-12 06:32:05 [AWT-EventQueue-0] INFO  Module.Dropdown - Opening Remove Account Menu...
2026-04-12 06:32:06 [AWT-EventQueue-0] INFO  User.RemoveAccountMenu - Calling remove user...
2026-04-12 06:32:06 [AWT-EventQueue-0] INFO  User.RemoveAccountMenu - Please fill in all fields.
2026-04-12 06:32:15 [AWT-EventQueue-0] INFO  Main.Main - Logging Out...
2026-04-12 06:32:16 [AWT-EventQueue-0] INFO  Main.Main - Success Logging Out.
2026-04-12 06:32:16 [AWT-EventQueue-0] INFO  Main.Main - Calling Login Module...
2026-04-12 06:32:16 [AWT-EventQueue-0] INFO  Main.Main - Opening Login Module...
2026-04-12 06:32:16 [AWT-EventQueue-0] INFO  Main.Main - Opened Login Module.
2026-04-12 07:06:27 [AWT-EventQueue-0] INFO  Module.LoginMenu - Logging in...
2026-04-12 07:06:28 [AWT-EventQueue-0] INFO  Module.LoginMenu - Opened Login Module.
2026-04-12 07:06:28 [AWT-EventQueue-0] INFO  Module.LoginMenu - Login Successful.
2026-04-12 07:06:30 [AWT-EventQueue-0] INFO  Module.LoginMenu - Calling Main Menu Module...
2026-04-12 07:06:30 [AWT-EventQueue-0] INFO  Module.MainMenu - Checking User...
2026-04-12 07:06:30 [AWT-EventQueue-0] INFO  Module.MainMenu - User Identified: admin
2026-04-12 07:06:30 [AWT-EventQueue-0] INFO  Main.Main - Success Opening Main Menu.
2026-04-12 07:10:58 [AWT-EventQueue-0] INFO  Main.Main - Logging Out...
2026-04-12 07:10:59 [AWT-EventQueue-0] INFO  Main.Main - Success Logging Out.
2026-04-12 07:10:59 [AWT-EventQueue-0] INFO  Main.Main - Calling Login Module...
2026-04-12 07:10:59 [AWT-EventQueue-0] INFO  Main.Main - Opening Login Module...
2026-04-12 07:10:59 [AWT-EventQueue-0] INFO  Main.Main - Opened Login Module.
2026-04-12 22:50:19 [main] INFO  Main.Main - ---------------------------------------------
2026-04-12 22:50:19 [main] INFO  Main.Main - |   Inventory System Started Successfully   |
2026-04-12 22:50:19 [main] INFO  Main.Main - ---------------------------------------------
2026-04-12 22:50:21 [main] INFO  Main.Main - Attempting to connect to the database...
2026-04-12 22:50:21 [main] INFO  Main.Main - Initializing...
2026-04-12 22:50:22 [main] INFO  Database.InitializeDatabase - Database connected.
2026-04-12 22:50:23 [main] INFO  Main.Main - Calling Login Module...
2026-04-12 22:50:25 [AWT-EventQueue-0] INFO  Main.Main - Initializing...
2026-04-12 22:50:25 [AWT-EventQueue-0] INFO  Main.Main - Opening Login Module...
2026-04-12 22:50:35 [AWT-EventQueue-0] INFO  Module.LoginMenu - Logging in...
2026-04-12 22:50:36 [AWT-EventQueue-0] INFO  Module.LoginMenu - Opened Login Module.
2026-04-12 22:50:36 [AWT-EventQueue-0] INFO  Module.LoginMenu - Login Successful.
2026-04-12 22:50:37 [AWT-EventQueue-0] INFO  Module.LoginMenu - Calling Main Menu Module...
2026-04-12 22:50:37 [AWT-EventQueue-0] INFO  Module.MainMenu - Checking User...
2026-04-12 22:50:37 [AWT-EventQueue-0] INFO  Module.MainMenu - User Identified: admin
2026-04-12 22:50:38 [AWT-EventQueue-0] INFO  Main.Main - Success Opening Main Menu.
2026-04-12 22:50:40 [AWT-EventQueue-0] INFO  Module.MainMenu - Clicked Inventory Menu...
2026-04-12 22:50:41 [AWT-EventQueue-0] INFO  Module.MainMenu - Opening Inventory Module...
2026-04-12 23:06:20 [main] INFO  Main.Main - ---------------------------------------------
2026-04-12 23:06:20 [main] INFO  Main.Main - |   Inventory System Started Successfully   |
2026-04-12 23:06:20 [main] INFO  Main.Main - ---------------------------------------------
2026-04-12 23:06:22 [main] INFO  Main.Main - Attempting to connect to the database...
2026-04-12 23:06:22 [main] INFO  Main.Main - Initializing...
2026-04-12 23:06:22 [main] INFO  Database.InitializeDatabase - Database connected.
2026-04-12 23:06:24 [main] INFO  Main.Main - Calling Login Module...
2026-04-12 23:06:26 [AWT-EventQueue-0] INFO  Main.Main - Initializing...
2026-04-12 23:06:26 [AWT-EventQueue-0] INFO  Main.Main - Opening Login Module...
2026-04-12 23:06:32 [AWT-EventQueue-0] INFO  Module.LoginMenu - Logging in...
2026-04-12 23:06:34 [AWT-EventQueue-0] INFO  Module.LoginMenu - Opened Login Module.
2026-04-12 23:06:34 [AWT-EventQueue-0] INFO  Module.LoginMenu - Login Successful.
2026-04-12 23:06:35 [AWT-EventQueue-0] INFO  Module.LoginMenu - Calling Main Menu Module...
2026-04-12 23:06:35 [AWT-EventQueue-0] INFO  Module.MainMenu - Checking User...
2026-04-12 23:06:35 [AWT-EventQueue-0] INFO  Module.MainMenu - User Identified: admin
2026-04-12 23:06:36 [AWT-EventQueue-0] INFO  Main.Main - Success Opening Main Menu.
2026-04-12 23:06:37 [AWT-EventQueue-0] INFO  Module.MainMenu - Clicked Inventory Menu...
2026-04-12 23:06:38 [AWT-EventQueue-0] INFO  Module.MainMenu - Opening Inventory Module...
2026-04-12 23:06:39 [AWT-EventQueue-0] INFO  Module.MainMenu - Checking User...
2026-04-12 23:06:39 [AWT-EventQueue-0] INFO  Module.MainMenu - User Identified: admin
2026-04-12 23:06:39 [AWT-EventQueue-0] INFO  Main.Main - Success Opening Inventory Menu.
2026-04-12 23:09:35 [main] INFO  Main.Main - ---------------------------------------------
2026-04-12 23:09:35 [main] INFO  Main.Main - |   Inventory System Started Successfully   |
2026-04-12 23:09:35 [main] INFO  Main.Main - ---------------------------------------------
2026-04-12 23:09:36 [main] INFO  Main.Main - Attempting to connect to the database...
2026-04-12 23:09:36 [main] INFO  Main.Main - Initializing...
2026-04-12 23:09:37 [main] INFO  Database.InitializeDatabase - Database connected.
2026-04-12 23:09:38 [main] INFO  Main.Main - Calling Login Module...
2026-04-12 23:09:40 [AWT-EventQueue-0] INFO  Main.Main - Initializing...
2026-04-12 23:09:40 [AWT-EventQueue-0] INFO  Main.Main - Opening Login Module...
2026-04-12 23:09:46 [AWT-EventQueue-0] INFO  Module.LoginMenu - Logging in...
2026-04-12 23:09:47 [AWT-EventQueue-0] INFO  Module.LoginMenu - Opened Login Module.
2026-04-12 23:09:47 [AWT-EventQueue-0] INFO  Module.LoginMenu - Login Successful.
2026-04-12 23:09:49 [AWT-EventQueue-0] INFO  Module.LoginMenu - Calling Main Menu Module...
2026-04-12 23:09:49 [AWT-EventQueue-0] INFO  Module.MainMenu - Checking User...
2026-04-12 23:09:49 [AWT-EventQueue-0] INFO  Module.MainMenu - User Identified: admin
2026-04-12 23:09:49 [AWT-EventQueue-0] INFO  Main.Main - Success Opening Main Menu.
2026-04-12 23:09:50 [AWT-EventQueue-0] INFO  Module.MainMenu - Clicked Inventory Menu...
2026-04-12 23:09:52 [AWT-EventQueue-0] INFO  Module.MainMenu - Opening Inventory Module...
2026-04-12 23:09:52 [AWT-EventQueue-0] INFO  Module.MainMenu - Checking User...
2026-04-12 23:09:52 [AWT-EventQueue-0] INFO  Module.MainMenu - User Identified: admin
2026-04-12 23:09:52 [AWT-EventQueue-0] INFO  Main.Main - Success Opening Inventory Menu.
2026-04-12 23:10:44 [main] INFO  Main.Main - ---------------------------------------------
2026-04-12 23:10:44 [main] INFO  Main.Main - |   Inventory System Started Successfully   |
2026-04-12 23:10:44 [main] INFO  Main.Main - ---------------------------------------------
2026-04-12 23:10:46 [main] INFO  Main.Main - Attempting to connect to the database...
2026-04-12 23:10:46 [main] INFO  Main.Main - Initializing...
2026-04-12 23:10:46 [main] INFO  Database.InitializeDatabase - Database connected.
2026-04-12 23:10:48 [main] INFO  Main.Main - Calling Login Module...
2026-04-12 23:10:50 [AWT-EventQueue-0] INFO  Main.Main - Initializing...
2026-04-12 23:10:50 [AWT-EventQueue-0] INFO  Main.Main - Opening Login Module...
2026-04-12 23:10:58 [AWT-EventQueue-0] INFO  Module.LoginMenu - Logging in...
2026-04-12 23:10:59 [AWT-EventQueue-0] INFO  Module.LoginMenu - Opened Login Module.
2026-04-12 23:10:59 [AWT-EventQueue-0] ERROR Module.LoginMenu - Login Error.
2026-04-12 23:11:08 [AWT-EventQueue-0] INFO  Module.LoginMenu - Logging in...
2026-04-12 23:11:10 [AWT-EventQueue-0] INFO  Module.LoginMenu - Opened Login Module.
2026-04-12 23:11:10 [AWT-EventQueue-0] INFO  Module.LoginMenu - Login Successful.
2026-04-12 23:11:12 [AWT-EventQueue-0] INFO  Module.LoginMenu - Calling Main Menu Module...
2026-04-12 23:11:12 [AWT-EventQueue-0] INFO  Module.MainMenu - Checking User...
2026-04-12 23:11:12 [AWT-EventQueue-0] INFO  Module.MainMenu - User Identified: admin
2026-04-12 23:11:12 [AWT-EventQueue-0] INFO  Main.Main - Success Opening Main Menu.
2026-04-12 23:11:14 [AWT-EventQueue-0] INFO  Module.MainMenu - Clicked Inventory Menu...
2026-04-12 23:11:15 [AWT-EventQueue-0] INFO  Module.MainMenu - Opening Inventory Module...
2026-04-12 23:11:15 [AWT-EventQueue-0] INFO  Module.MainMenu - Checking User...
2026-04-12 23:11:15 [AWT-EventQueue-0] INFO  Module.MainMenu - User Identified: admin
2026-04-12 23:11:15 [AWT-EventQueue-0] INFO  Main.Main - Success Opening Inventory Menu.
2026-04-12 23:13:02 [AWT-EventQueue-0] INFO  Module.MainMenu - Clicked Sales Report...
2026-04-12 23:13:06 [AWT-EventQueue-0] INFO  Module.MainMenu - Clicked Order Menu...
2026-04-12 23:13:09 [AWT-EventQueue-0] INFO  Module.MainMenu - Clicked Sales Report...
2026-04-12 23:13:11 [AWT-EventQueue-0] INFO  Module.MainMenu - Clicked Inventory Menu...
2026-04-12 23:13:52 [AWT-EventQueue-0] INFO  Module.MainMenu - Clicked Inventory Menu...
2026-04-12 23:29:00 [main] INFO  Main.Main - ---------------------------------------------
2026-04-12 23:29:00 [main] INFO  Main.Main - |   Inventory System Started Successfully   |
2026-04-12 23:29:00 [main] INFO  Main.Main - ---------------------------------------------
2026-04-12 23:29:01 [main] INFO  Main.Main - Attempting to connect to the database...
2026-04-12 23:29:02 [main] INFO  Main.Main - Initializing...
2026-04-12 23:29:03 [main] INFO  Database.InitializeDatabase - Products table created successfully.
2026-04-12 23:29:03 [main] INFO  Database.InitializeDatabase - Database connected.
2026-04-12 23:29:04 [main] INFO  Main.Main - Calling Login Module...
2026-04-12 23:29:06 [AWT-EventQueue-0] INFO  Main.Main - Initializing...
2026-04-12 23:29:06 [AWT-EventQueue-0] INFO  Main.Main - Opening Login Module...
2026-04-12 23:29:37 [main] INFO  Main.Main - ---------------------------------------------
2026-04-12 23:29:37 [main] INFO  Main.Main - |   Inventory System Started Successfully   |
2026-04-12 23:29:37 [main] INFO  Main.Main - ---------------------------------------------
2026-04-12 23:29:38 [main] INFO  Main.Main - Attempting to connect to the database...
2026-04-12 23:29:38 [main] INFO  Main.Main - Initializing...
2026-04-12 23:29:39 [main] INFO  Database.InitializeDatabase - Products table created successfully.
2026-04-12 23:29:39 [main] INFO  Database.InitializeDatabase - Database connected.
2026-04-12 23:29:41 [main] INFO  Main.Main - Calling Login Module...
2026-04-12 23:29:42 [AWT-EventQueue-0] INFO  Main.Main - Initializing...
2026-04-12 23:29:42 [AWT-EventQueue-0] INFO  Main.Main - Opening Login Module...
2026-04-12 23:29:54 [AWT-EventQueue-0] INFO  Module.LoginMenu - Logging in...
2026-04-12 23:29:55 [AWT-EventQueue-0] INFO  Module.LoginMenu - Opened Login Module.
2026-04-12 23:29:56 [AWT-EventQueue-0] INFO  Module.LoginMenu - Login Successful.
2026-04-12 23:29:57 [AWT-EventQueue-0] INFO  Module.LoginMenu - Calling Main Menu Module...
2026-04-12 23:29:57 [AWT-EventQueue-0] INFO  Module.MainMenu - Checking User...
2026-04-12 23:29:57 [AWT-EventQueue-0] INFO  Module.MainMenu - Main Menu User: admin
2026-04-12 23:29:57 [AWT-EventQueue-0] INFO  Main.Main - Success Opening Main Menu.
2026-04-12 23:29:58 [AWT-EventQueue-0] INFO  Module.MainMenu - Clicked Inventory Menu...
2026-04-12 23:30:00 [AWT-EventQueue-0] INFO  Module.MainMenu - Opening Inventory Module...
2026-04-12 23:30:00 [AWT-EventQueue-0] INFO  Module.MainMenu - Checking User...
2026-04-12 23:30:00 [AWT-EventQueue-0] INFO  Module.MainMenu - Inventory Menu User: admin
2026-04-12 23:30:00 [AWT-EventQueue-0] INFO  Main.Main - Success Opening Inventory Menu.
